// Jest Snapshot v1, https://goo.gl/fbAQLP

exports[`Queue Renders correctly 1`] = `
<div
  class="MuiContainer-root MuiContainer-maxWidthLg"
>
  <h5
    class="MuiTypography-root MuiTypography-h5"
  >
    Queue
  </h5>
  <div
    class="MuiGrid-root MuiGrid-container MuiGrid-spacing-xs-2"
  >
    <div
      class="MuiGrid-root MuiGrid-item"
    >
      <div
        class="MuiPaper-root MuiCard-root makeStyles-root-1 MuiPaper-elevation1 MuiPaper-rounded"
      >
        <div
          class="makeStyles-topContainer-4"
        >
          <div
            class="MuiCardMedia-root makeStyles-cover-5"
            style="background-image: url(somewhereelse.com/picture);"
            title="Song 1 album cover"
          />
          <div
            class="makeStyles-controls-6"
          >
            <button
              aria-label="play/pause"
              class="MuiButtonBase-root MuiIconButton-root"
              tabindex="0"
              type="button"
            >
              <span
                class="MuiIconButton-label"
              >
                <svg
                  aria-hidden="true"
                  class="MuiSvgIcon-root makeStyles-playIcon-7"
                  focusable="false"
                  viewBox="0 0 24 24"
                >
                  <path
                    d="M8 5v14l11-7z"
                  />
                </svg>
              </span>
              <span
                class="MuiTouchRipple-root"
              />
            </button>
          </div>
        </div>
        <div
          class="makeStyles-details-2"
        >
          <div
            class="MuiCardContent-root makeStyles-content-3"
          >
            <h5
              class="MuiTypography-root MuiTypography-h5 MuiTypography-noWrap"
              title="Song 1"
            >
              Song 1
            </h5>
            <h6
              class="MuiTypography-root MuiTypography-subtitle1 MuiTypography-colorTextSecondary MuiTypography-noWrap MuiTypography-alignRight"
            >
              
              <button
                aria-controls="menu"
                aria-haspopup="true"
                class="MuiButtonBase-root MuiIconButton-root"
                tabindex="0"
                type="button"
              >
                <span
                  class="MuiIconButton-label"
                >
                  <svg
                    aria-hidden="true"
                    class="MuiSvgIcon-root"
                    focusable="false"
                    viewBox="0 0 24 24"
                  >
                    <path
                      d="M12 8c1.1 0 2-.9 2-2s-.9-2-2-2-2 .9-2 2 .9 2 2 2zm0 2c-1.1 0-2 .9-2 2s.9 2 2 2 2-.9 2-2-.9-2-2-2zm0 6c-1.1 0-2 .9-2 2s.9 2 2 2 2-.9 2-2-.9-2-2-2z"
                    />
                  </svg>
                </span>
                <span
                  class="MuiTouchRipple-root"
                />
              </button>
            </h6>
          </div>
        </div>
      </div>
    </div>
  </div>
</div>
`;
