// Jest Snapshot v1, https://goo.gl/fbAQLP

exports[`Search Renders correctly 1`] = `
<div
  class="MuiContainer-root MuiContainer-maxWidthLg"
>
  <div
    aria-expanded="false"
    class="MuiAutocomplete-root"
    role="combobox"
  >
    <div
      class="MuiFormControl-root MuiTextField-root MuiFormControl-marginNormal MuiFormControl-fullWidth"
    >
      <label
        class="MuiFormLabel-root MuiInputLabel-root MuiInputLabel-formControl MuiInputLabel-animated MuiInputLabel-outlined"
        data-shrink="false"
        for="search-box"
        id="search-box-label"
      >
        Search Songs
      </label>
      <div
        class="MuiInputBase-root MuiOutlinedInput-root MuiAutocomplete-inputRoot MuiInputBase-fullWidth MuiInputBase-formControl MuiInputBase-adornedEnd MuiOutlinedInput-adornedEnd"
      >
        <input
          aria-autocomplete="list"
          aria-invalid="false"
          autocapitalize="none"
          autocomplete="off"
          class="MuiInputBase-input MuiOutlinedInput-input MuiAutocomplete-input MuiAutocomplete-inputFocused MuiInputBase-inputAdornedEnd MuiOutlinedInput-inputAdornedEnd MuiInputBase-inputTypeSearch"
          id="search-box"
          spellcheck="false"
          type="search"
          value=""
        />
        <div
          class="MuiAutocomplete-endAdornment"
        />
        <fieldset
          aria-hidden="true"
          class="PrivateNotchedOutline-root-1 MuiOutlinedInput-notchedOutline"
        >
          <legend
            class="PrivateNotchedOutline-legendLabelled-3"
          >
            <span>
              Search Songs
            </span>
          </legend>
        </fieldset>
      </div>
    </div>
  </div>
  <div
    class="MuiGrid-root MuiGrid-container MuiGrid-spacing-xs-2"
  >
    <div
      class="MuiGrid-root MuiGrid-item"
    >
      <div
        class="MuiPaper-root MuiCard-root makeStyles-root-5 MuiPaper-elevation1 MuiPaper-rounded"
      >
        <div
          class="makeStyles-topContainer-8"
        >
          <div
            class="MuiCardMedia-root makeStyles-cover-9"
            style="background-image: url(somewhereelse.com/picture);"
            title="Song 1 album cover"
          />
          <div
            class="makeStyles-controls-10"
          >
            <button
              aria-label="play/pause"
              class="MuiButtonBase-root MuiIconButton-root"
              tabindex="0"
              type="button"
            >
              <span
                class="MuiIconButton-label"
              >
                <svg
                  aria-hidden="true"
                  class="MuiSvgIcon-root makeStyles-playIcon-11"
                  focusable="false"
                  viewBox="0 0 24 24"
                >
                  <path
                    d="M8 5v14l11-7z"
                  />
                </svg>
              </span>
              <span
                class="MuiTouchRipple-root"
              />
            </button>
          </div>
        </div>
        <div
          class="makeStyles-details-6"
        >
          <div
            class="MuiCardContent-root makeStyles-content-7"
          >
            <h5
              class="MuiTypography-root MuiTypography-h5 MuiTypography-noWrap"
              title="Song 1"
            >
              Song 1
            </h5>
            <h6
              class="MuiTypography-root MuiTypography-subtitle1 MuiTypography-colorTextSecondary MuiTypography-noWrap MuiTypography-alignRight"
            >
              
              <button
                aria-controls="menu"
                aria-haspopup="true"
                class="MuiButtonBase-root MuiIconButton-root"
                tabindex="0"
                type="button"
              >
                <span
                  class="MuiIconButton-label"
                >
                  <svg
                    aria-hidden="true"
                    class="MuiSvgIcon-root"
                    focusable="false"
                    viewBox="0 0 24 24"
                  >
                    <path
                      d="M12 8c1.1 0 2-.9 2-2s-.9-2-2-2-2 .9-2 2 .9 2 2 2zm0 2c-1.1 0-2 .9-2 2s.9 2 2 2 2-.9 2-2-.9-2-2-2zm0 6c-1.1 0-2 .9-2 2s.9 2 2 2 2-.9 2-2-.9-2-2-2z"
                    />
                  </svg>
                </span>
                <span
                  class="MuiTouchRipple-root"
                />
              </button>
            </h6>
          </div>
        </div>
      </div>
    </div>
    <div
      class="MuiGrid-root MuiGrid-item"
    >
      <div
        class="MuiPaper-root MuiCard-root makeStyles-root-5 MuiPaper-elevation1 MuiPaper-rounded"
      >
        <div
          class="makeStyles-topContainer-8"
        >
          <div
            class="MuiCardMedia-root makeStyles-cover-9"
            style="background-image: url(somewhereelse.com/picture2);"
            title="Song 2 album cover"
          />
          <div
            class="makeStyles-controls-10"
          >
            <button
              aria-label="play/pause"
              class="MuiButtonBase-root MuiIconButton-root"
              tabindex="0"
              type="button"
            >
              <span
                class="MuiIconButton-label"
              >
                <svg
                  aria-hidden="true"
                  class="MuiSvgIcon-root makeStyles-playIcon-11"
                  focusable="false"
                  viewBox="0 0 24 24"
                >
                  <path
                    d="M8 5v14l11-7z"
                  />
                </svg>
              </span>
              <span
                class="MuiTouchRipple-root"
              />
            </button>
          </div>
        </div>
        <div
          class="makeStyles-details-6"
        >
          <div
            class="MuiCardContent-root makeStyles-content-7"
          >
            <h5
              class="MuiTypography-root MuiTypography-h5 MuiTypography-noWrap"
              title="Song 2"
            >
              Song 2
            </h5>
            <h6
              class="MuiTypography-root MuiTypography-subtitle1 MuiTypography-colorTextSecondary MuiTypography-noWrap MuiTypography-alignRight"
            >
              
              <button
                aria-controls="menu"
                aria-haspopup="true"
                class="MuiButtonBase-root MuiIconButton-root"
                tabindex="0"
                type="button"
              >
                <span
                  class="MuiIconButton-label"
                >
                  <svg
                    aria-hidden="true"
                    class="MuiSvgIcon-root"
                    focusable="false"
                    viewBox="0 0 24 24"
                  >
                    <path
                      d="M12 8c1.1 0 2-.9 2-2s-.9-2-2-2-2 .9-2 2 .9 2 2 2zm0 2c-1.1 0-2 .9-2 2s.9 2 2 2 2-.9 2-2-.9-2-2-2zm0 6c-1.1 0-2 .9-2 2s.9 2 2 2 2-.9 2-2-.9-2-2-2z"
                    />
                  </svg>
                </span>
                <span
                  class="MuiTouchRipple-root"
                />
              </button>
            </h6>
          </div>
        </div>
      </div>
    </div>
  </div>
</div>
`;
